2025-11-30 07:03:06,802 [INFO] Device: cuda
2025-11-30 07:03:06,876 [INFO] Data loaded: Train=21591, Val=4200
2025-11-30 07:03:07,968 [INFO] Model created successfully.
2025-11-30 07:12:52,047 [INFO] Epoch [1] Train Result: Loss 2.9464 | Acc 82.74%
2025-11-30 07:14:12,874 [INFO] Epoch [1] Val Result:
2025-11-30 07:14:12,874 [INFO]   >> Loss: 1.7012
2025-11-30 07:14:12,890 [INFO]   >> Acc : 84.43%
2025-11-30 07:14:12,890 [INFO]   >> AUC : 0.7878
2025-11-30 07:14:12,890 [INFO]   >> F1  : 0.9100
2025-11-30 07:14:12,890 [INFO]   >> CM  : {'tp': 3307, 'tn': 239, 'fp': 461, 'fn': 193}
2025-11-30 07:14:13,619 [INFO] Checkpoint saved. Best Acc: 84.43%
2025-11-30 07:23:44,464 [INFO] Epoch [2] Train Result: Loss 2.5883 | Acc 84.09%
2025-11-30 07:25:26,372 [INFO] Epoch [2] Val Result:
2025-11-30 07:25:26,374 [INFO]   >> Loss: 1.6956
2025-11-30 07:25:26,374 [INFO]   >> Acc : 82.43%
2025-11-30 07:25:26,374 [INFO]   >> AUC : 0.8461
2025-11-30 07:25:26,374 [INFO]   >> F1  : 0.8907
2025-11-30 07:25:26,374 [INFO]   >> CM  : {'tp': 3008, 'tn': 454, 'fp': 246, 'fn': 492}
2025-11-30 07:25:26,906 [INFO] Checkpoint saved. Best Acc: 84.43%
2025-11-30 07:35:39,333 [INFO] Epoch [3] Train Result: Loss 2.4087 | Acc 85.41%
2025-11-30 07:37:15,062 [INFO] Epoch [3] Val Result:
2025-11-30 07:37:15,062 [INFO]   >> Loss: 1.4976
2025-11-30 07:37:15,062 [INFO]   >> Acc : 87.33%
2025-11-30 07:37:15,063 [INFO]   >> AUC : 0.8677
2025-11-30 07:37:15,063 [INFO]   >> F1  : 0.9269
2025-11-30 07:37:15,063 [INFO]   >> CM  : {'tp': 3372, 'tn': 296, 'fp': 404, 'fn': 128}
2025-11-30 07:37:15,944 [INFO] Checkpoint saved. Best Acc: 87.33%
2025-11-30 07:48:00,498 [INFO] Epoch [4] Train Result: Loss 2.3332 | Acc 86.37%
2025-11-30 07:49:38,260 [INFO] Epoch [4] Val Result:
2025-11-30 07:49:38,260 [INFO]   >> Loss: 1.6131
2025-11-30 07:49:38,260 [INFO]   >> Acc : 87.74%
2025-11-30 07:49:38,261 [INFO]   >> AUC : 0.8763
2025-11-30 07:49:38,261 [INFO]   >> F1  : 0.9279
2025-11-30 07:49:38,261 [INFO]   >> CM  : {'tp': 3315, 'tn': 370, 'fp': 330, 'fn': 185}
2025-11-30 07:49:39,385 [INFO] Checkpoint saved. Best Acc: 87.74%
2025-11-30 08:00:28,176 [INFO] Epoch [5] Train Result: Loss 2.2404 | Acc 87.36%
2025-11-30 08:02:05,630 [INFO] Epoch [5] Val Result:
2025-11-30 08:02:05,631 [INFO]   >> Loss: 2.0707
2025-11-30 08:02:05,631 [INFO]   >> Acc : 81.86%
2025-11-30 08:02:05,631 [INFO]   >> AUC : 0.8755
2025-11-30 08:02:05,631 [INFO]   >> F1  : 0.8844
2025-11-30 08:02:05,631 [INFO]   >> CM  : {'tp': 2916, 'tn': 522, 'fp': 178, 'fn': 584}
2025-11-30 08:02:06,139 [INFO] Checkpoint saved. Best Acc: 87.74%
2025-11-30 08:12:54,164 [INFO] Epoch [6] Train Result: Loss 2.1479 | Acc 88.51%
2025-11-30 08:14:31,461 [INFO] Epoch [6] Val Result:
2025-11-30 08:14:31,461 [INFO]   >> Loss: 1.6069
2025-11-30 08:14:31,461 [INFO]   >> Acc : 87.14%
2025-11-30 08:14:31,461 [INFO]   >> AUC : 0.8970
2025-11-30 08:14:31,461 [INFO]   >> F1  : 0.9223
2025-11-30 08:14:31,461 [INFO]   >> CM  : {'tp': 3207, 'tn': 453, 'fp': 247, 'fn': 293}
2025-11-30 08:14:32,050 [INFO] Checkpoint saved. Best Acc: 87.74%
2025-11-30 08:25:18,102 [INFO] Epoch [7] Train Result: Loss 2.0696 | Acc 89.34%
2025-11-30 08:26:50,793 [INFO] Epoch [7] Val Result:
2025-11-30 08:26:50,793 [INFO]   >> Loss: 1.7575
2025-11-30 08:26:50,793 [INFO]   >> Acc : 86.38%
2025-11-30 08:26:50,793 [INFO]   >> AUC : 0.8828
2025-11-30 08:26:50,793 [INFO]   >> F1  : 0.9176
2025-11-30 08:26:50,793 [INFO]   >> CM  : {'tp': 3184, 'tn': 444, 'fp': 256, 'fn': 316}
2025-11-30 08:26:51,197 [INFO] Checkpoint saved. Best Acc: 87.74%
2025-11-30 08:36:15,839 [INFO] Epoch [8] Train Result: Loss 2.0049 | Acc 90.06%
2025-11-30 08:37:42,594 [INFO] Epoch [8] Val Result:
2025-11-30 08:37:42,594 [INFO]   >> Loss: 1.6630
2025-11-30 08:37:42,594 [INFO]   >> Acc : 86.88%
2025-11-30 08:37:42,594 [INFO]   >> AUC : 0.8786
2025-11-30 08:37:42,594 [INFO]   >> F1  : 0.9220
2025-11-30 08:37:42,594 [INFO]   >> CM  : {'tp': 3258, 'tn': 391, 'fp': 309, 'fn': 242}
2025-11-30 08:37:43,199 [INFO] Checkpoint saved. Best Acc: 87.74%
2025-11-30 08:47:43,254 [INFO] Epoch [9] Train Result: Loss 1.9225 | Acc 91.13%
2025-11-30 08:49:16,466 [INFO] Epoch [9] Val Result:
2025-11-30 08:49:16,466 [INFO]   >> Loss: 1.6469
2025-11-30 08:49:16,467 [INFO]   >> Acc : 87.45%
2025-11-30 08:49:16,467 [INFO]   >> AUC : 0.8777
2025-11-30 08:49:16,467 [INFO]   >> F1  : 0.9283
2025-11-30 08:49:16,467 [INFO]   >> CM  : {'tp': 3413, 'tn': 260, 'fp': 440, 'fn': 87}
2025-11-30 08:49:16,943 [INFO] Checkpoint saved. Best Acc: 87.74%
2025-11-30 09:00:13,400 [INFO] Epoch [10] Train Result: Loss 1.8666 | Acc 91.41%
2025-11-30 09:01:48,720 [INFO] Epoch [10] Val Result:
2025-11-30 09:01:48,720 [INFO]   >> Loss: 1.5142
2025-11-30 09:01:48,720 [INFO]   >> Acc : 86.74%
2025-11-30 09:01:48,720 [INFO]   >> AUC : 0.8767
2025-11-30 09:01:48,720 [INFO]   >> F1  : 0.9237
2025-11-30 09:01:48,720 [INFO]   >> CM  : {'tp': 3372, 'tn': 271, 'fp': 429, 'fn': 128}
2025-11-30 09:01:49,153 [INFO] Checkpoint saved. Best Acc: 87.74%
2025-11-30 09:12:40,739 [INFO] Epoch [11] Train Result: Loss 1.7834 | Acc 92.59%
2025-11-30 09:14:19,104 [INFO] Epoch [11] Val Result:
2025-11-30 09:14:19,117 [INFO]   >> Loss: 1.5739
2025-11-30 09:14:19,117 [INFO]   >> Acc : 88.14%
2025-11-30 09:14:19,117 [INFO]   >> AUC : 0.8887
2025-11-30 09:14:19,117 [INFO]   >> F1  : 0.9312
2025-11-30 09:14:19,117 [INFO]   >> CM  : {'tp': 3368, 'tn': 334, 'fp': 366, 'fn': 132}
2025-11-30 09:14:20,730 [INFO] Checkpoint saved. Best Acc: 88.14%
2025-11-30 09:25:05,383 [INFO] Epoch [12] Train Result: Loss 1.6881 | Acc 93.02%
2025-11-30 09:26:41,388 [INFO] Epoch [12] Val Result:
2025-11-30 09:26:41,388 [INFO]   >> Loss: 1.7060
2025-11-30 09:26:41,388 [INFO]   >> Acc : 86.38%
2025-11-30 09:26:41,388 [INFO]   >> AUC : 0.8708
2025-11-30 09:26:41,388 [INFO]   >> F1  : 0.9195
2025-11-30 09:26:41,388 [INFO]   >> CM  : {'tp': 3265, 'tn': 363, 'fp': 337, 'fn': 235}
2025-11-30 09:26:41,883 [INFO] Checkpoint saved. Best Acc: 88.14%
2025-11-30 09:37:29,174 [INFO] Epoch [13] Train Result: Loss 1.6016 | Acc 93.97%
2025-11-30 09:39:05,591 [INFO] Epoch [13] Val Result:
2025-11-30 09:39:05,594 [INFO]   >> Loss: 1.6792
2025-11-30 09:39:05,594 [INFO]   >> Acc : 86.88%
2025-11-30 09:39:05,595 [INFO]   >> AUC : 0.8866
2025-11-30 09:39:05,595 [INFO]   >> F1  : 0.9222
2025-11-30 09:39:05,596 [INFO]   >> CM  : {'tp': 3265, 'tn': 384, 'fp': 316, 'fn': 235}
2025-11-30 09:39:06,174 [INFO] Checkpoint saved. Best Acc: 88.14%
2025-11-30 09:49:54,231 [INFO] Epoch [14] Train Result: Loss 1.5547 | Acc 94.18%
2025-11-30 09:51:29,908 [INFO] Epoch [14] Val Result:
2025-11-30 09:51:29,908 [INFO]   >> Loss: 2.1036
2025-11-30 09:51:29,908 [INFO]   >> Acc : 87.00%
2025-11-30 09:51:29,908 [INFO]   >> AUC : 0.8802
2025-11-30 09:51:29,908 [INFO]   >> F1  : 0.9229
2025-11-30 09:51:29,908 [INFO]   >> CM  : {'tp': 3269, 'tn': 385, 'fp': 315, 'fn': 231}
2025-11-30 09:51:30,388 [INFO] Checkpoint saved. Best Acc: 88.14%
2025-11-30 10:01:47,974 [INFO] Epoch [15] Train Result: Loss 1.4630 | Acc 94.66%
2025-11-30 10:03:15,334 [INFO] Epoch [15] Val Result:
2025-11-30 10:03:15,334 [INFO]   >> Loss: 1.7608
2025-11-30 10:03:15,334 [INFO]   >> Acc : 86.69%
2025-11-30 10:03:15,334 [INFO]   >> AUC : 0.8743
2025-11-30 10:03:15,334 [INFO]   >> F1  : 0.9243
2025-11-30 10:03:15,334 [INFO]   >> CM  : {'tp': 3414, 'tn': 227, 'fp': 473, 'fn': 86}
2025-11-30 10:03:15,953 [INFO] Checkpoint saved. Best Acc: 88.14%
2025-11-30 10:06:20,049 [INFO] Training completed.
